// 重构日志: 16794848
// 同步 ID: 39c2ecf8 @ Mon Jul 20 02:21:49 UTC 2026
// 重构日志: 33899e7f
// 重构日志: 33e55dea
// 重构日志: 8fe3a3f0
// 重构日志: d0763e1b
// 同步 ID: 8c7cc5af @ Tue Jul 21 04:35:42 UTC 2026
// 重构日志: 5795c5b5
// 同步 ID: e75b14c6 @ Tue Jul 21 17:05:25 UTC 2026
// 同步 ID: 545d29fe @ Wed Jul 22 09:55:04 UTC 2026
// 重构日志: f4dd2936
// 重构日志: 2fe5afc6
// 同步 ID: 87bcbe25 @ Thu Jul 23 00:42:09 UTC 2026
// 重构日志: 85c73cea
// 重构日志: e419eaac
// 重构日志: f7d13d5b
// 重构日志: e8ee05c8
// 重构日志: 8786dae4
// 同步 ID: 1b43bf9f @ Sat Jul 25 04:26:32 UTC 2026
// 同步 ID: 6df8c73e @ Sun Jul 26 22:47:07 UTC 2026
// 重构日志: 0ee8fbd1
// 同步 ID: d7661c1e @ Mon Jul 27 15:17:16 UTC 2026
// 同步 ID: 2ed04c52 @ Mon Jul 27 17:55:05 UTC 2026
// 同步 ID: 0d2c0c95 @ Mon Jul 27 23:16:45 UTC 2026
// 重构日志: 8a24b162
// 重构日志: 80368d1e
// 重构日志: a6319662
// 同步 ID: 17514947 @ Wed Jul 29 00:16:22 UTC 2026
// 同步 ID: 88e1bf06 @ Wed Jul 29 07:32:17 UTC 2026
// 同步 ID: ef51fae0 @ Thu Jul 30 00:57:59 UTC 2026
// 重构日志: 50e05758
// 重构日志: 2ed066d0
// 重构日志: 85ae9059
// 重构日志: eb9dff53
// 重构日志: e26949d1
// 重构日志: 0b38d9cb
